// Jest Snapshot v1, https://goo.gl/fbAQLP

exports[`component renders as expected 1`] = `
<div
  className="container-fluid"
>
  <div
    className="row col-12 justify-content-between"
  >
    <div>
      <button
        className="hidden"
        onClick={[Function]}
      >
        Expand All
      </button>
    </div>
    <div>
      <div
        className="hidden"
      >
        <button
          className="btn btn-outline-secondary"
          onClick={[Function]}
        >
          Reset Sorting
        </button>
      </div>
      <div
        className="hidden"
      >
        <div
          className="input-group"
        >
          <div
            className="input-group-prepend"
          >
            <div
              className="input-group-text"
            >
              <svg
                aria-hidden="true"
                className="svg-inline--fa fa-magnifying-glass fa-fw "
                data-icon="magnifying-glass"
                data-prefix="fas"
                focusable="false"
                role="img"
                style={Object {}}
                viewBox="0 0 512 512"
                xmlns="http://www.w3.org/2000/svg"
              >
                <path
                  d="M500.3 443.7l-119.7-119.7c27.22-40.41 40.65-90.9 33.46-144.7C401.8 87.79 326.8 13.32 235.2 1.723C99.01-15.51-15.51 99.01 1.724 235.2c11.6 91.64 86.08 166.7 177.6 178.9c53.8 7.189 104.3-6.236 144.7-33.46l119.7 119.7c15.62 15.62 40.95 15.62 56.57 0C515.9 484.7 515.9 459.3 500.3 443.7zM79.1 208c0-70.58 57.42-128 128-128s128 57.42 128 128c0 70.58-57.42 128-128 128S79.1 278.6 79.1 208z"
                  fill="currentColor"
                  style={Object {}}
                />
              </svg>
            </div>
          </div>
          <input
            className="form-control"
            id="filterInput"
            onChange={[Function]}
            placeholder="Filter..."
            type="text"
            value=""
          />
        </div>
      </div>
    </div>
  </div>
  <div
    className="row col-12"
  >
    <table
      className="table table-bordered"
    >
      <thead>
        <tr>
          <th>
            fred1
          </th>
          <th>
            fred2
          </th>
          <th>
            fred3
          </th>
          <th>
            fred4
          </th>
        </tr>
      </thead>
      <tbody>
        <tr
          className="shown"
        >
          <td
            className="text-left"
            width="25%"
          >
            <span
              style={
                Object {
                  "marginLeft": "1em",
                }
              }
            >
              <svg
                aria-hidden="true"
                className="svg-inline--fa fa-angle-right fa-fw "
                data-icon="angle-right"
                data-prefix="fas"
                focusable="false"
                id="expandPoint"
                onClick={[Function]}
                role="img"
                style={Object {}}
                viewBox="0 0 256 512"
                xmlns="http://www.w3.org/2000/svg"
              >
                <path
                  d="M64 448c-8.188 0-16.38-3.125-22.62-9.375c-12.5-12.5-12.5-32.75 0-45.25L178.8 256L41.38 118.6c-12.5-12.5-12.5-32.75 0-45.25s32.75-12.5 45.25 0l160 160c12.5 12.5 12.5 32.75 0 45.25l-160 160C80.38 444.9 72.19 448 64 448z"
                  fill="currentColor"
                  style={Object {}}
                />
              </svg>
              <span
                className="iconPadding"
              >
                name0
              </span>
            </span>
          </td>
          <td
            className=""
            width="10%"
          >
            string0
          </td>
          <td
            className=""
            width="25%"
          >
            ex0
          </td>
          <td
            className=""
            width="40%"
          >
            desc0
          </td>
        </tr>
        <tr
          className="hidden"
        >
          <td
            className=""
            width="25%"
          >
            <span
              style={
                Object {
                  "marginLeft": "3.25em",
                }
              }
            >
              <span
                className="iconPadding"
              >
                name0-0
              </span>
            </span>
          </td>
          <td
            className=""
            width="10%"
          >
            string0-0
          </td>
          <td
            className=""
            width="25%"
          >
            ex0-0
          </td>
          <td
            className=""
            width="40%"
          >
            desc0-0
          </td>
        </tr>
        <tr
          className="hidden"
        >
          <td
            className=""
            width="25%"
          >
            <span
              style={
                Object {
                  "marginLeft": "3.25em",
                }
              }
            >
              <span
                className="iconPadding"
              >
                name0-1
              </span>
            </span>
          </td>
          <td
            className=""
            width="10%"
          >
            string0-1
          </td>
          <td
            className=""
            width="25%"
          >
            ex0-1
          </td>
          <td
            className=""
            width="40%"
          >
            desc0-1
          </td>
        </tr>
        <tr
          className="hidden"
        >
          <td
            className="text-left"
            width="25%"
          >
            <span
              style={
                Object {
                  "marginLeft": "2em",
                }
              }
            >
              <svg
                aria-hidden="true"
                className="svg-inline--fa fa-angle-right fa-fw "
                data-icon="angle-right"
                data-prefix="fas"
                focusable="false"
                id="expandPoint"
                onClick={[Function]}
                role="img"
                style={Object {}}
                viewBox="0 0 256 512"
                xmlns="http://www.w3.org/2000/svg"
              >
                <path
                  d="M64 448c-8.188 0-16.38-3.125-22.62-9.375c-12.5-12.5-12.5-32.75 0-45.25L178.8 256L41.38 118.6c-12.5-12.5-12.5-32.75 0-45.25s32.75-12.5 45.25 0l160 160c12.5 12.5 12.5 32.75 0 45.25l-160 160C80.38 444.9 72.19 448 64 448z"
                  fill="currentColor"
                  style={Object {}}
                />
              </svg>
              <span
                className="iconPadding"
              >
                name0-2
              </span>
            </span>
          </td>
          <td
            className=""
            width="10%"
          >
            string0-2
          </td>
          <td
            className=""
            width="25%"
          >
            ex0-2
          </td>
          <td
            className=""
            width="40%"
          >
            desc0-2
          </td>
        </tr>
        <tr
          className="hidden"
        >
          <td
            className=""
            width="25%"
          >
            <span
              style={
                Object {
                  "marginLeft": "4.25em",
                }
              }
            >
              <span
                className="iconPadding"
              >
                name0-2-1
              </span>
            </span>
          </td>
          <td
            className=""
            width="10%"
          >
            string0-2-1
          </td>
          <td
            className=""
            width="25%"
          >
            ex0-2-1
          </td>
          <td
            className=""
            width="40%"
          >
            desc0-2-1
          </td>
        </tr>
        <tr
          className="shown"
        >
          <td
            className=""
            width="25%"
          >
            <span
              style={
                Object {
                  "marginLeft": "2.25em",
                }
              }
            >
              <span
                className="iconPadding"
              >
                name1
              </span>
            </span>
          </td>
          <td
            className=""
            width="10%"
          >
            string1
          </td>
          <td
            className=""
            width="25%"
          >
            ex1
          </td>
          <td
            className=""
            width="40%"
          >
            desc1
          </td>
        </tr>
        <tr
          className="shown"
        >
          <td
            className=""
            width="25%"
          >
            <span
              style={
                Object {
                  "marginLeft": "2.25em",
                }
              }
            >
              <span
                className="iconPadding"
              >
                name2
              </span>
            </span>
          </td>
          <td
            className=""
            width="10%"
          >
            string2
          </td>
          <td
            className=""
            width="25%"
          >
            ex2
          </td>
          <td
            className=""
            width="40%"
          >
            desc2
          </td>
        </tr>
      </tbody>
    </table>
  </div>
  <div
    className="row col-12 justify-content-center"
  >
    <div />
  </div>
</div>
`;
